// Jest Snapshot v1, https://goo.gl/fbAQLP

exports[`renders when there are no items 1`] = `
<div
  className="css-1wo33bq"
>
  <div
    className="chakra-stack css-rxjb5u"
  >
    <h2
      className="chakra-heading css-0"
    >
      Om prosjektet
    </h2>
    <p
      className="chakra-text css-12jprvx"
    >
      Dette er en videreutvikling av en prototype laget for Trondheim kommune. Arbeidet er gjort i forbindelse med faget TDT4290 Kundestyrt prosjekt. Videreutviklingen realiserer funksjonalitet som søker å umiddelbart forbedre verktøyene tilgjengelig for datadrevet bærekraft ved å forbedre visualisering av historisk ytelse samt antatt fremtidig ytelse.
      <br />
      <br />
      Videreutviklingen har funnet sted på toppen av en eksisterende prototype utviklet som del av en batcheloroppgave i informatikk.
    </p>
    <a
      className="chakra-link css-otktsc"
      href="https://github.com/TDT4290-SDG-Ontology/SDG-ontology-visualizer/"
      rel="noopener noreferrer"
      target="_blank"
    >
      <svg
        fill="currentColor"
        height="40"
        stroke="currentColor"
        strokeWidth="0"
        style={
          Object {
            "color": undefined,
          }
        }
        viewBox="0 0 16 16"
        width="40"
        xmlns="http://www.w3.org/2000/svg"
      >
        <path
          d="M8 0C3.58 0 0 3.58 0 8c0 3.54 2.29 6.53 5.47 7.59.4.07.55-.17.55-.38 0-.19-.01-.82-.01-1.49-2.01.37-2.53-.49-2.69-.94-.09-.23-.48-.94-.82-1.13-.28-.15-.68-.52-.01-.53.63-.01 1.08.58 1.23.82.72 1.21 1.87.87 2.33.66.07-.52.28-.87.51-1.07-1.78-.2-3.64-.89-3.64-3.95 0-.87.31-1.59.82-2.15-.08-.2-.36-1.02.08-2.12 0 0 .67-.21 2.2.82.64-.18 1.32-.27 2-.27.68 0 1.36.09 2 .27 1.53-1.04 2.2-.82 2.2-.82.44 1.1.16 1.92.08 2.12.51.56.82 1.27.82 2.15 0 3.07-1.87 3.75-3.65 3.95.29.25.54.73.54 1.48 0 1.07-.01 1.93-.01 2.2 0 .21.15.46.55.38A8.013 8.013 0 0 0 16 8c0-4.42-3.58-8-8-8z"
          fillRule="evenodd"
        />
      </svg>
    </a>
  </div>
</div>
`;
